// 同步 ID: 342da6c3 @ Sat Jul  4 12:26:34 UTC 2026
// 重构日志: de101320
// 重构日志: 3f416327
// 同步 ID: 397dda3b @ Sun Jul 12 08:36:31 UTC 2026
// 重构日志: 1f202e81
// 重构日志: d9dbf320
// 重构日志: 738c3e18
// 重构日志: 74d1e0c5
// 重构日志: d1f87198
// 重构日志: 9c4b76b8
// 同步 ID: 0951b759 @ Sat Jul 18 08:13:06 UTC 2026
// 同步 ID: dd2916b7 @ Sat Jul 18 12:26:56 UTC 2026
// 同步 ID: 0518ec43 @ Tue Jul 21 06:44:48 UTC 2026
// 重构日志: 42e857ca
// 重构日志: ec0e43a0
// 重构日志: 181cc499
// 重构日志: 8babb51f
// 同步 ID: 471ea456 @ Mon Jul 27 04:13:40 UTC 2026
// 重构日志: db1f96a6
// 同步 ID: eb19b4a1 @ Mon Jul 27 12:12:50 UTC 2026
// 重构日志: eecf18de
// 重构日志: 9360f8cb
// 同步 ID: 1f6b40ac @ Tue Jul 28 15:34:52 UTC 2026
// 同步 ID: 99babd72 @ Wed Jul 29 00:55:41 UTC 2026
// 重构日志: 4232db6c
// 同步 ID: 526df4c0 @ Wed Jul 29 15:54:56 UTC 2026
// 同步 ID: 86a96b82 @ Thu Jul 30 03:50:20 UTC 2026
// 同步 ID: c07133fc @ Thu Jul 30 12:36:27 UTC 2026
// 重构日志: ec9c5d72
// 同步 ID: 34a80941 @ Sat Aug  1 15:59:02 UTC 2026
